WARNING: No valid API keys found. Using MockLLM for testing.
WARNING: No valid API keys found. Using MockLLM for testing.
WARNING: No valid API keys found. Using MockLLM for testing.
WARNING: No valid API keys found. Using MockLLM for testing.
Testing Geotechnical Council...
--- Generated Code ---
import math
def calculate():
    gamma = 18
    B = 2
    Df = 1
    phi = 30
    # Terzaghi factors for phi=30 (approx)
    Nq = 22.5
    Nc = 37.2
    Ngamma = 19.7
    c = 0 # sand
    q = gamma * Df
    qu = c*Nc + q*Nq + 0.5*gamma*B*Ngamma
    result = qu
    return result

result = calculate()
----------------------

--- TEST: Librarian ---
Context Found: True (Length: 3176)

--- TEST: Analyst ---
Plan: 1. Identify parameters: Gamma=18, B=2, Df=1, phi=30.
2. Use Terzaghi's bearing capacity equation for...

--- TEST: Engineer ---
Code: 
import math
def calculate():
    gamma = 18
    B = 2
    Df = 1
    phi = 30
    # Terzaghi factors for phi=30 (approx)
    Nq = 22.5
    Nc = 37.2
    Ngamma = 19.7
    c = 0 # sand
    q = gamma * Df
    qu = c*Nc + q*Nq + 0.5*gamma*B*Ngamma
    result = qu
    return result

result = calculate()
Result: 759.5999999999999

--- TEST: Critic ---
Critique: 1. Identify parameters: Gamma=18, B=2, Df=1, phi=30.
2. Use Terzaghi's bearing capacity equation for general shear failure.
3. specific coefficients: Nq, Nc, Ngamma for phi=30.
4. Calculate qu = cNc + qNq + 0.5*gamma*B*Ngamma.
5. Result is qu.

SUCCESS: Graph Execution Completed.
